// Jest Snapshot v1, https://goo.gl/fbAQLP

exports[`Empty Stack 1`] = `
{
  "Outputs": {
    "GoogleOAuthApiEndpointEA24F466": {
      "Value": {
        "Fn::Join": [
          "",
          [
            "https://",
            {
              "Ref": "GoogleOAuthApi640967F5",
            },
            ".execute-api.",
            {
              "Ref": "AWS::Region",
            },
            ".",
            {
              "Ref": "AWS::URLSuffix",
            },
            "/",
            {
              "Ref": "GoogleOAuthApiDeploymentStageprod88B87F99",
            },
            "/",
          ],
        ],
      },
    },
  },
  "Parameters": {
    "BootstrapVersion": {
      "Default": "/cdk-bootstrap/hnb659fds/version",
      "Description": "Version of the CDK Bootstrap resources in this environment, automatically retrieved from SSM Parameter Store. [cdk:skip]",
      "Type": "AWS::SSM::Parameter::Value<String>",
    },
  },
  "Resources": {
    "GetUserInfoHandler054C8731": {
      "DependsOn": [
        "GetUserInfoHandlerServiceRoleFC1B2691",
      ],
      "Properties": {
        "Code": {
          "S3Bucket": {
            "Fn::Sub": "cdk-hnb659fds-assets-\${AWS::AccountId}-\${AWS::Region}",
          },
          "S3Key": "ce192ab3bd7a95563ce770cb772e9ffe8a96af73b567918ff70efecc18cc0b62.zip",
        },
        "Environment": {
          "Variables": {
            "GOOGLE_CLIENT_ID": "test-client-id",
            "GOOGLE_CLIENT_SECRET": "test-client-secret",
            "REDIRECT_URI": "http://localhost:3000/callback",
          },
        },
        "Handler": "get-user-info.handler",
        "Role": {
          "Fn::GetAtt": [
            "GetUserInfoHandlerServiceRoleFC1B2691",
            "Arn",
          ],
        },
        "Runtime": "nodejs18.x",
      },
      "Type": "AWS::Lambda::Function",
    },
    "GetUserInfoHandlerServiceRoleFC1B2691": {
      "Properties": {
        "AssumeRolePolicyDocument": {
          "Statement": [
            {
              "Action": "sts:AssumeRole",
              "Effect": "Allow",
              "Principal": {
                "Service": "lambda.amazonaws.com",
              },
            },
          ],
          "Version": "2012-10-17",
        },
        "ManagedPolicyArns": [
          {
            "Fn::Join": [
              "",
              [
                "arn:",
                {
                  "Ref": "AWS::Partition",
                },
                ":iam::aws:policy/service-role/AWSLambdaBasicExecutionRole",
              ],
            ],
          },
        ],
      },
      "Type": "AWS::IAM::Role",
    },
    "GoogleOAuthApi640967F5": {
      "Properties": {
        "Description": "API Gateway for Google OAuth integration",
        "Name": "Google OAuth Service",
      },
      "Type": "AWS::ApiGateway::RestApi",
    },
    "GoogleOAuthApiAccountF4F2DB13": {
      "DeletionPolicy": "Retain",
      "DependsOn": [
        "GoogleOAuthApi640967F5",
      ],
      "Properties": {
        "CloudWatchRoleArn": {
          "Fn::GetAtt": [
            "GoogleOAuthApiCloudWatchRole1966F53E",
            "Arn",
          ],
        },
      },
      "Type": "AWS::ApiGateway::Account",
      "UpdateReplacePolicy": "Retain",
    },
    "GoogleOAuthApiCloudWatchRole1966F53E": {
      "DeletionPolicy": "Retain",
      "Properties": {
        "AssumeRolePolicyDocument": {
          "Statement": [
            {
              "Action": "sts:AssumeRole",
              "Effect": "Allow",
              "Principal": {
                "Service": "apigateway.amazonaws.com",
              },
            },
          ],
          "Version": "2012-10-17",
        },
        "ManagedPolicyArns": [
          {
            "Fn::Join": [
              "",
              [
                "arn:",
                {
                  "Ref": "AWS::Partition",
                },
                ":iam::aws:policy/service-role/AmazonAPIGatewayPushToCloudWatchLogs",
              ],
            ],
          },
        ],
      },
      "Type": "AWS::IAM::Role",
      "UpdateReplacePolicy": "Retain",
    },
    "GoogleOAuthApiDeploymentA14C0A5A3ffa8e65a5265a6e42dcb4f319be2f83": {
      "DependsOn": [
        "GoogleOAuthApioauthcallbackGET5441C756",
        "GoogleOAuthApioauthcallback2249B6C8",
        "GoogleOAuthApioauthD9E7E312",
        "GoogleOAuthApiuserinfoGETB7D05841",
        "GoogleOAuthApiuserinfoCCCD2653",
      ],
      "Properties": {
        "Description": "API Gateway for Google OAuth integration",
        "RestApiId": {
          "Ref": "GoogleOAuthApi640967F5",
        },
      },
      "Type": "AWS::ApiGateway::Deployment",
    },
    "GoogleOAuthApiDeploymentStageprod88B87F99": {
      "DependsOn": [
        "GoogleOAuthApiAccountF4F2DB13",
      ],
      "Properties": {
        "DeploymentId": {
          "Ref": "GoogleOAuthApiDeploymentA14C0A5A3ffa8e65a5265a6e42dcb4f319be2f83",
        },
        "RestApiId": {
          "Ref": "GoogleOAuthApi640967F5",
        },
        "StageName": "prod",
      },
      "Type": "AWS::ApiGateway::Stage",
    },
    "GoogleOAuthApioauthD9E7E312": {
      "Properties": {
        "ParentId": {
          "Fn::GetAtt": [
            "GoogleOAuthApi640967F5",
            "RootResourceId",
          ],
        },
        "PathPart": "oauth",
        "RestApiId": {
          "Ref": "GoogleOAuthApi640967F5",
        },
      },
      "Type": "AWS::ApiGateway::Resource",
    },
    "GoogleOAuthApioauthcallback2249B6C8": {
      "Properties": {
        "ParentId": {
          "Ref": "GoogleOAuthApioauthD9E7E312",
        },
        "PathPart": "callback",
        "RestApiId": {
          "Ref": "GoogleOAuthApi640967F5",
        },
      },
      "Type": "AWS::ApiGateway::Resource",
    },
    "GoogleOAuthApioauthcallbackGET5441C756": {
      "Properties": {
        "AuthorizationType": "NONE",
        "HttpMethod": "GET",
        "Integration": {
          "IntegrationHttpMethod": "POST",
          "Type": "AWS_PROXY",
          "Uri": {
            "Fn::Join": [
              "",
              [
                "arn:",
                {
                  "Ref": "AWS::Partition",
                },
                ":apigateway:",
                {
                  "Ref": "AWS::Region",
                },
                ":lambda:path/2015-03-31/functions/",
                {
                  "Fn::GetAtt": [
                    "OAuthCallbackHandlerB2CE6EDA",
                    "Arn",
                  ],
                },
                "/invocations",
              ],
            ],
          },
        },
        "ResourceId": {
          "Ref": "GoogleOAuthApioauthcallback2249B6C8",
        },
        "RestApiId": {
          "Ref": "GoogleOAuthApi640967F5",
        },
      },
      "Type": "AWS::ApiGateway::Method",
    },
    "GoogleOAuthApioauthcallbackGETApiPermissionMyTestStackGoogleOAuthApi89554015GEToauthcallback54DA6F69": {
      "Properties": {
        "Action": "lambda:InvokeFunction",
        "FunctionName": {
          "Fn::GetAtt": [
            "OAuthCallbackHandlerB2CE6EDA",
            "Arn",
          ],
        },
        "Principal": "apigateway.amazonaws.com",
        "SourceArn": {
          "Fn::Join": [
            "",
            [
              "arn:",
              {
                "Ref": "AWS::Partition",
              },
              ":execute-api:",
              {
                "Ref": "AWS::Region",
              },
              ":",
              {
                "Ref": "AWS::AccountId",
              },
              ":",
              {
                "Ref": "GoogleOAuthApi640967F5",
              },
              "/",
              {
                "Ref": "GoogleOAuthApiDeploymentStageprod88B87F99",
              },
              "/GET/oauth/callback",
            ],
          ],
        },
      },
      "Type": "AWS::Lambda::Permission",
    },
    "GoogleOAuthApioauthcallbackGETApiPermissionTestMyTestStackGoogleOAuthApi89554015GEToauthcallback1ED78D52": {
      "Properties": {
        "Action": "lambda:InvokeFunction",
        "FunctionName": {
          "Fn::GetAtt": [
            "OAuthCallbackHandlerB2CE6EDA",
            "Arn",
          ],
        },
        "Principal": "apigateway.amazonaws.com",
        "SourceArn": {
          "Fn::Join": [
            "",
            [
              "arn:",
              {
                "Ref": "AWS::Partition",
              },
              ":execute-api:",
              {
                "Ref": "AWS::Region",
              },
              ":",
              {
                "Ref": "AWS::AccountId",
              },
              ":",
              {
                "Ref": "GoogleOAuthApi640967F5",
              },
              "/test-invoke-stage/GET/oauth/callback",
            ],
          ],
        },
      },
      "Type": "AWS::Lambda::Permission",
    },
    "GoogleOAuthApiuserinfoCCCD2653": {
      "Properties": {
        "ParentId": {
          "Fn::GetAtt": [
            "GoogleOAuthApi640967F5",
            "RootResourceId",
          ],
        },
        "PathPart": "userinfo",
        "RestApiId": {
          "Ref": "GoogleOAuthApi640967F5",
        },
      },
      "Type": "AWS::ApiGateway::Resource",
    },
    "GoogleOAuthApiuserinfoGETApiPermissionMyTestStackGoogleOAuthApi89554015GETuserinfoE989FE49": {
      "Properties": {
        "Action": "lambda:InvokeFunction",
        "FunctionName": {
          "Fn::GetAtt": [
            "GetUserInfoHandler054C8731",
            "Arn",
          ],
        },
        "Principal": "apigateway.amazonaws.com",
        "SourceArn": {
          "Fn::Join": [
            "",
            [
              "arn:",
              {
                "Ref": "AWS::Partition",
              },
              ":execute-api:",
              {
                "Ref": "AWS::Region",
              },
              ":",
              {
                "Ref": "AWS::AccountId",
              },
              ":",
              {
                "Ref": "GoogleOAuthApi640967F5",
              },
              "/",
              {
                "Ref": "GoogleOAuthApiDeploymentStageprod88B87F99",
              },
              "/GET/userinfo",
            ],
          ],
        },
      },
      "Type": "AWS::Lambda::Permission",
    },
    "GoogleOAuthApiuserinfoGETApiPermissionTestMyTestStackGoogleOAuthApi89554015GETuserinfoFC8D0000": {
      "Properties": {
        "Action": "lambda:InvokeFunction",
        "FunctionName": {
          "Fn::GetAtt": [
            "GetUserInfoHandler054C8731",
            "Arn",
          ],
        },
        "Principal": "apigateway.amazonaws.com",
        "SourceArn": {
          "Fn::Join": [
            "",
            [
              "arn:",
              {
                "Ref": "AWS::Partition",
              },
              ":execute-api:",
              {
                "Ref": "AWS::Region",
              },
              ":",
              {
                "Ref": "AWS::AccountId",
              },
              ":",
              {
                "Ref": "GoogleOAuthApi640967F5",
              },
              "/test-invoke-stage/GET/userinfo",
            ],
          ],
        },
      },
      "Type": "AWS::Lambda::Permission",
    },
    "GoogleOAuthApiuserinfoGETB7D05841": {
      "Properties": {
        "AuthorizationType": "NONE",
        "HttpMethod": "GET",
        "Integration": {
          "IntegrationHttpMethod": "POST",
          "Type": "AWS_PROXY",
          "Uri": {
            "Fn::Join": [
              "",
              [
                "arn:",
                {
                  "Ref": "AWS::Partition",
                },
                ":apigateway:",
                {
                  "Ref": "AWS::Region",
                },
                ":lambda:path/2015-03-31/functions/",
                {
                  "Fn::GetAtt": [
                    "GetUserInfoHandler054C8731",
                    "Arn",
                  ],
                },
                "/invocations",
              ],
            ],
          },
        },
        "ResourceId": {
          "Ref": "GoogleOAuthApiuserinfoCCCD2653",
        },
        "RestApiId": {
          "Ref": "GoogleOAuthApi640967F5",
        },
      },
      "Type": "AWS::ApiGateway::Method",
    },
    "OAuthCallbackHandlerB2CE6EDA": {
      "DependsOn": [
        "OAuthCallbackHandlerServiceRole9A10E712",
      ],
      "Properties": {
        "Code": {
          "S3Bucket": {
            "Fn::Sub": "cdk-hnb659fds-assets-\${AWS::AccountId}-\${AWS::Region}",
          },
          "S3Key": "ce192ab3bd7a95563ce770cb772e9ffe8a96af73b567918ff70efecc18cc0b62.zip",
        },
        "Environment": {
          "Variables": {
            "GOOGLE_CLIENT_ID": "test-client-id",
            "GOOGLE_CLIENT_SECRET": "test-client-secret",
            "REDIRECT_URI": "http://localhost:3000/callback",
          },
        },
        "Handler": "oauth-callback.handler",
        "Role": {
          "Fn::GetAtt": [
            "OAuthCallbackHandlerServiceRole9A10E712",
            "Arn",
          ],
        },
        "Runtime": "nodejs18.x",
      },
      "Type": "AWS::Lambda::Function",
    },
    "OAuthCallbackHandlerServiceRole9A10E712": {
      "Properties": {
        "AssumeRolePolicyDocument": {
          "Statement": [
            {
              "Action": "sts:AssumeRole",
              "Effect": "Allow",
              "Principal": {
                "Service": "lambda.amazonaws.com",
              },
            },
          ],
          "Version": "2012-10-17",
        },
        "ManagedPolicyArns": [
          {
            "Fn::Join": [
              "",
              [
                "arn:",
                {
                  "Ref": "AWS::Partition",
                },
                ":iam::aws:policy/service-role/AWSLambdaBasicExecutionRole",
              ],
            ],
          },
        ],
      },
      "Type": "AWS::IAM::Role",
    },
  },
  "Rules": {
    "CheckBootstrapVersion": {
      "Assertions": [
        {
          "Assert": {
            "Fn::Not": [
              {
                "Fn::Contains": [
                  [
                    "1",
                    "2",
                    "3",
                    "4",
                    "5",
                  ],
                  {
                    "Ref": "BootstrapVersion",
                  },
                ],
              },
            ],
          },
          "AssertDescription": "CDK bootstrap stack version 6 required. Please run 'cdk bootstrap' with a recent version of the CDK CLI.",
        },
      ],
    },
  },
}
`;
